################################################################################
#                                                                              #
#      IAR Universal Linker V6.6.2.104                                         #
#                                                                              #
#           Link time     =  04/May/2023  11:34:55                             #
#           Target CPU    =  MSP430                                            #
#           List file     =  D:\COASIA_PROJECT\SampleCode_GPIO\Debug\List\e521 #
#                            39_sample_project_72.map                          #
#           Output file 1 =  D:\COASIA_PROJECT\SampleCode_GPIO\Debug\Exe\e5213 #
#                            9_sample_project_72.hex                           #
#                            Format: intel-extended                            #
#           Output file 2 =  D:\COASIA_PROJECT\SampleCode_GPIO\Debug\Exe\e5213 #
#                            9_sample_project_72.d43                           #
#                            Format: ubrof10                                   #
#                            UBROF version 10.0.6                              #
#                            Using library modules for C-SPY (-rt)             #
#           Command line  =  -f C:\Temp\EW5306.tmp                             #
#                            (D:\COASIA_PROJECT\SampleCode_GPIO\Debug\Obj\Comm #
#                            onInterruptHandler.r43                            #
#                            D:\COASIA_PROJECT\SampleCode_GPIO\Debug\Obj\el_he #
#                            lper_H430_IAR.r43                                 #
#                            D:\COASIA_PROJECT\SampleCode_GPIO\Debug\Obj\HalGp #
#                            io.r43                                            #
#                            D:\COASIA_PROJECT\SampleCode_GPIO\Debug\Obj\HalSy #
#                            s.r43                                             #
#                            D:\COASIA_PROJECT\SampleCode_GPIO\Debug\Obj\HalTi #
#                            mer.r43                                           #
#                            D:\COASIA_PROJECT\SampleCode_GPIO\Debug\Obj\main. #
#                            r43                                               #
#                            D:\COASIA_PROJECT\SampleCode_GPIO\Debug\Obj\rom_A #
#                            PI.r43                                            #
#                            -o                                                #
#                            D:\COASIA_PROJECT\SampleCode_GPIO\Debug\Exe\e5213 #
#                            9_sample_project_72.d43                           #
#                            -l                                                #
#                            D:\COASIA_PROJECT\SampleCode_GPIO\Debug\List\e521 #
#                            39_sample_project_72.map                          #
#                            -xmsni                                            #
#                            "-IC:\Program Files (x86)\IAR Systems\Embedded Wo #
#                            rkbench 8.5\430\LIB\\"                            #
#                            -f                                                #
#                            D:\COASIA_PROJECT\SampleCode_GPIO\linker\lnkEL_E5 #
#                            2139B_APP_721.xcl                                 #
#                            (-cmsp430 -QCODE_I=CODE_ID                        #
#                            -Z(DATA)DATA16_I,DATA16_Z,DATA16_N,DATA16_HEAP+_D #
#                            ATA16_HEAP_SIZE=0800-0FFF                         #
#                            -Z(DATA)CODE_I -Z(DATA)CSTACK+_STACK_SIZE#        #
#                            -Z(CONST)APP_VERSION=8000-8035                    #
#                            -Z(CONST)DATA16_C,DATA16_ID,DIFUNCT,CHECKSUM=8036 #
#                            -FFFD                                             #
#                            -Z(CODE)CSTART,ISR_CODE,CODE_ID,CODE=8036-FFFD    #
#                            -Z(CODE)RESET=FFFE-FFFF) -D_STACK_SIZE=100 -rt    #
#                            "C:\Program Files (x86)\IAR Systems\Embedded Work #
#                            bench 8.5\430\lib\dlib\dl430fn.r43"               #
#                            -D_DATA16_HEAP_SIZE=4                             #
#                            -Ointel-extended=D:\COASIA_PROJECT\SampleCode_GPI #
#                            O\Debug\Exe\e52139_sample_project_72.hex          #
#                            -s __program_start -D_DATA20_HEAP_SIZE=50)        #
#                                                                              #
#                           Copyright (C) 1987-2019 IAR Systems AB.            #
################################################################################





                ****************************************
                *                                      *
                *           CROSS REFERENCE            *
                *                                      *
                ****************************************

       Program entry at :           8038  Relocatable, from module : ?cstart




                ****************************************
                *                                      *
                *            RUNTIME MODEL             *
                *                                      *
                ****************************************

  __Heap_Handler             = Basic
  __SystemLibrary            = DLib
  __core                     = 430
  __dlib_file_descriptor     = 0
  __dlib_full_locale_support = 0
  __double_size              = 32
  __pic                      = no
  __reg_r4                   = free
  __reg_r5                   = free
  __rt_version               = 3

                ****************************************
                *                                      *
                *    AUTOMATIC SYMBOL REDIRECTIONS     *
                *                                      *
                ****************************************

                  There are no automatic symbol redirections.



                ****************************************
                *                                      *
                *              MODULE MAP              *
                *                                      *
                ****************************************


  DEFINED ABSOLUTE ENTRIES
    *************************************************************************

  DEFINED ABSOLUTE ENTRIES
  PROGRAM MODULE, NAME : ?ABS_ENTRY_MOD

Absolute parts
           ENTRY                   ADDRESS         REF BY
           =====                   =======         ======
           _DATA20_HEAP_SIZE       0050 
           _DATA16_HEAP_SIZE       0004 
           _STACK_SIZE             0100 
    *************************************************************************

  FILE NAME : D:\COASIA_PROJECT\SampleCode_GPIO\Debug\Obj\CommonInterruptHandler.r43
  PROGRAM MODULE, NAME : CommonInterruptHandler

  SEGMENTS IN THE MODULE
  ======================
DATA16_Z
  Relative segment, address: 0800 - 0823 (0x24 bytes), align: 1
  Segment part 2.             Intra module refs:   InterruptHandlerInitialize
           LOCAL                   ADDRESS         
           =====                   =======         
           loc_VicEnvironmentData
                                   0800 
    -------------------------------------------------------------------------
CODE
  Relative segment, address: 8050 - 807D (0x2e bytes), align: 1
  Segment part 3.
           ENTRY                   ADDRESS         REF BY
           =====                   =======         ======
           InterruptHandlerInitialize
                                   8050            main (main)
               calls direct and indirect
    -------------------------------------------------------------------------
CSTACK
  Segment part 1. NOT NEEDED.
    -------------------------------------------------------------------------
CODE
  Segment part 4. NOT NEEDED.
           ENTRY                   ADDRESS         REF BY
           =====                   =======         ======
           ?setjmp_save_r4         
    -------------------------------------------------------------------------
CODE
  Segment part 5. NOT NEEDED.
           ENTRY                   ADDRESS         REF BY
           =====                   =======         ======
           ?setjmp_save_r5         

    *************************************************************************

  FILE NAME : D:\COASIA_PROJECT\SampleCode_GPIO\Debug\Obj\el_helper_H430_IAR.r43
  PROGRAM MODULE, NAME : el_helper_H430_IAR

  SEGMENTS IN THE MODULE
  ======================
CODE
  Segment part 2. NOT NEEDED.
           ENTRY                   ADDRESS         REF BY
           =====                   =======         ======
           el_CopyBytes            
    -------------------------------------------------------------------------
CODE
  Relative segment, address: 807E - 808D (0x10 bytes), align: 1
  Segment part 3.
           ENTRY                   ADDRESS         REF BY
           =====                   =======         ======
           el_FillBytes            807E            InterruptHandlerInitialize (CommonInterruptHandler)
    -------------------------------------------------------------------------
CODE
  Segment part 4. NOT NEEDED.
           ENTRY                   ADDRESS         REF BY
           =====                   =======         ======
           el_FillWords            
    -------------------------------------------------------------------------
CODE
  Segment part 5. NOT NEEDED.
           ENTRY                   ADDRESS         REF BY
           =====                   =======         ======
           el_CopyAndFillBytes     
    -------------------------------------------------------------------------
CODE
  Segment part 6. NOT NEEDED.
           ENTRY                   ADDRESS         REF BY
           =====                   =======         ======
           el_CompareBytes         
    -------------------------------------------------------------------------
CSTACK
  Segment part 1. NOT NEEDED.
    -------------------------------------------------------------------------
CODE
  Segment part 7. TENTATIVE. Used definition from CommonInterruptHandler
           ENTRY                   ADDRESS         REF BY
           =====                   =======         ======
           ?setjmp_save_r4         
    -------------------------------------------------------------------------
CODE
  Segment part 8. TENTATIVE. Used definition from CommonInterruptHandler
           ENTRY                   ADDRESS         REF BY
           =====                   =======         ======
           ?setjmp_save_r5         

    *************************************************************************

  FILE NAME : D:\COASIA_PROJECT\SampleCode_GPIO\Debug\Obj\HalGpio.r43
  PROGRAM MODULE, NAME : HalGpio

  SEGMENTS IN THE MODULE
  ======================
DATA16_AN
  Relative segment, address: 0080 - 0081 (0x2 bytes), align: 0
  Segment part 1. ROOT        Intra module refs:   GpioInputTest
           ENTRY                   ADDRESS         REF BY
           =====                   =======         ======
           _A_WDOG_CONTROL         0080 
           LOCAL                   ADDRESS         
           =====                   =======         
           WDOG_CONTROL            0080 
           WDOG_CONTROL_bit        0080 
    -------------------------------------------------------------------------
DATA16_AN
  Relative segment, address: 0200 - 0201 (0x2 bytes), align: 0
  Segment part 2. ROOT        Intra module refs:   InitGpioInput
           ENTRY                   ADDRESS         REF BY
           =====                   =======         ======
           _A_GPIO_SELECT          0200 
           LOCAL                   ADDRESS         
           =====                   =======         
           GPIO_SELECT             0200 
           GPIO_SELECT_bit         0200 
    -------------------------------------------------------------------------
DATA16_AN
  Relative segment, address: 0202 - 0203 (0x2 bytes), align: 0
  Segment part 3. ROOT        Intra module refs:   GpioInputTest
                                                   InitGpioInput
           ENTRY                   ADDRESS         REF BY
           =====                   =======         ======
           _A_GPIO_DATA_OE         0202 
           LOCAL                   ADDRESS         
           =====                   =======         
           GPIO_DATA_OE            0202 
           GPIO_DATA_OE_bit        0202 
    -------------------------------------------------------------------------
DATA16_AN
  Relative segment, address: 0204 - 0205 (0x2 bytes), align: 0
  Segment part 4. ROOT        Intra module refs:   GpioInputTest
           ENTRY                   ADDRESS         REF BY
           =====                   =======         ======
           _A_GPIO_DATA_IN         0204 
           LOCAL                   ADDRESS         
           =====                   =======         
           GPIO_DATA_IN            0204 
           GPIO_DATA_IN_bit        0204 
    -------------------------------------------------------------------------
DATA16_AN
  Relative segment, address: 0206 - 0207 (0x2 bytes), align: 0
  Segment part 5. ROOT        Intra module refs:   InitGpioInput
           ENTRY                   ADDRESS         REF BY
           =====                   =======         ======
           _A_GPIO_DATA_IE         0206 
           LOCAL                   ADDRESS         
           =====                   =======         
           GPIO_DATA_IE            0206 
           GPIO_DATA_IE_bit        0206 
    -------------------------------------------------------------------------
DATA16_AN
  Relative segment, address: 0208 - 0209 (0x2 bytes), align: 0
  Segment part 6. ROOT 
           ENTRY                   ADDRESS         REF BY
           =====                   =======         ======
           _A_GPIO_DATA_OUT        0208 
           LOCAL                   ADDRESS         
           =====                   =======         
           GPIO_DATA_OUT           0208 
           GPIO_DATA_OUT_bit       0208 
    -------------------------------------------------------------------------
DATA16_AN
  Relative segment, address: 0340 - 0341 (0x2 bytes), align: 0
  Segment part 7. ROOT        Intra module refs:   InitGpioInput
           ENTRY                   ADDRESS         REF BY
           =====                   =======         ======
           _A_PWM_CONTROL          0340 
           LOCAL                   ADDRESS         
           =====                   =======         
           PWM_CONTROL             0340 
           PWM_CONTROL_bit         0340 
    -------------------------------------------------------------------------
CODE
  Segment part 10. NOT NEEDED.
           ENTRY                   ADDRESS         REF BY
           =====                   =======         ======
           InitGpioOut             
    -------------------------------------------------------------------------
CODE
  Relative segment, address: 808E - 80A3 (0x16 bytes), align: 1
  Segment part 11.            Intra module refs:   GpioInputTest
           ENTRY                   ADDRESS         REF BY
           =====                   =======         ======
           InitGpioInput           808E 
    -------------------------------------------------------------------------
CODE
  Segment part 12. NOT NEEDED.
           ENTRY                   ADDRESS         REF BY
           =====                   =======         ======
           GpioOutTest             
               calls direct
    -------------------------------------------------------------------------
CODE
  Relative segment, address: 80A4 - 80DD (0x3a bytes), align: 1
  Segment part 13.
           ENTRY                   ADDRESS         REF BY
           =====                   =======         ======
           GpioInputTest           80A4            main (main)
               calls direct
    -------------------------------------------------------------------------
DATA16_Z
  Relative segment, address: 0824 - 0825 (0x2 bytes), align: 1
  Segment part 9.             Intra module refs:   GpioInputTest
           LOCAL                   ADDRESS         
           =====                   =======         
           GpioInputTest::index    0824 
    -------------------------------------------------------------------------
CSTACK
  Segment part 8. NOT NEEDED.
    -------------------------------------------------------------------------
CODE
  Segment part 14. TENTATIVE. Used definition from CommonInterruptHandler
           ENTRY                   ADDRESS         REF BY
           =====                   =======         ======
           ?setjmp_save_r4         
    -------------------------------------------------------------------------
CODE
  Segment part 15. TENTATIVE. Used definition from CommonInterruptHandler
           ENTRY                   ADDRESS         REF BY
           =====                   =======         ======
           ?setjmp_save_r5         

    *************************************************************************

  FILE NAME : D:\COASIA_PROJECT\SampleCode_GPIO\Debug\Obj\HalSys.r43
  PROGRAM MODULE, NAME : HalSys

  SEGMENTS IN THE MODULE
  ======================
DATA16_AN
  Segment part 1. TENTATIVE. Used definition from HalGpio
           ENTRY                   ADDRESS         REF BY
           =====                   =======         ======
           _A_WDOG_CONTROL         
           LOCAL                   ADDRESS         
           =====                   =======         
           WDOG_CONTROL            0080 
           WDOG_CONTROL_bit        0080 
    -------------------------------------------------------------------------
DATA16_AN
  Relative segment, address: 0082 - 0083 (0x2 bytes), align: 0
  Segment part 2. ROOT 
           ENTRY                   ADDRESS         REF BY
           =====                   =======         ======
           _A_WDOG_WINDOW          0082 
           LOCAL                   ADDRESS         
           =====                   =======         
           WDOG_WINDOW             0082 
           WDOG_WINDOW_bit         0082 
    -------------------------------------------------------------------------
DATA16_AN
  Relative segment, address: 0084 - 0085 (0x2 bytes), align: 0
  Segment part 3. ROOT 
           ENTRY                   ADDRESS         REF BY
           =====                   =======         ======
           _A_WDOG_PRESCALER       0084 
           LOCAL                   ADDRESS         
           =====                   =======         
           WDOG_PRESCALER          0084 
           WDOG_PRESCALER_bit      0084 
    -------------------------------------------------------------------------
DATA16_AN
  Relative segment, address: 0086 - 0087 (0x2 bytes), align: 0
  Segment part 4. ROOT 
           ENTRY                   ADDRESS         REF BY
           =====                   =======         ======
           _A_WDOG_RELOAD          0086 
           LOCAL                   ADDRESS         
           =====                   =======         
           WDOG_RELOAD             0086 
           WDOG_RELOAD_bit         0086 
    -------------------------------------------------------------------------
DATA16_AN
  Relative segment, address: 0180 - 0181 (0x2 bytes), align: 0
  Segment part 5. ROOT 
           ENTRY                   ADDRESS         REF BY
           =====                   =======         ======
           _A_SYS_STATE_POWER      0180 
           LOCAL                   ADDRESS         
           =====                   =======         
           SYS_STATE_POWER         0180 
           SYS_STATE_POWER_bit     0180 
    -------------------------------------------------------------------------
DATA16_AN
  Relative segment, address: 0182 - 0183 (0x2 bytes), align: 0
  Segment part 6. ROOT        Intra module refs:   main (main)
           ENTRY                   ADDRESS         REF BY
           =====                   =======         ======
           _A_SYS_STATE_CONTROL    0182 
           LOCAL                   ADDRESS         
           =====                   =======         
           SYS_STATE_CONTROL       0182 
           SYS_STATE_CONTROL_bit   0182 
    -------------------------------------------------------------------------
DATA16_AN
  Relative segment, address: 0188 - 0189 (0x2 bytes), align: 0
  Segment part 7. ROOT 
           ENTRY                   ADDRESS         REF BY
           =====                   =======         ======
           _A_SYS_STATE_RESET_ENABLE
                                   0188 
           LOCAL                   ADDRESS         
           =====                   =======         
           SYS_STATE_RESET_ENABLE
                                   0188 
           SYS_STATE_RESET_ENABLE_bit
                                   0188 
    -------------------------------------------------------------------------
DATA16_AN
  Relative segment, address: 018A - 018B (0x2 bytes), align: 0
  Segment part 8. ROOT 
           ENTRY                   ADDRESS         REF BY
           =====                   =======         ======
           _A_SYS_STATE_SW_RESET   018A 
           LOCAL                   ADDRESS         
           =====                   =======         
           SYS_STATE_SW_RESET      018A 
           SYS_STATE_SW_RESET_bit
                                   018A 
    -------------------------------------------------------------------------
DATA16_AN
  Relative segment, address: 018C - 018D (0x2 bytes), align: 0
  Segment part 9. ROOT 
           ENTRY                   ADDRESS         REF BY
           =====                   =======         ======
           _A_SYS_STATE_SLEEP_ENABLE
                                   018C 
           LOCAL                   ADDRESS         
           =====                   =======         
           SYS_STATE_SLEEP_ENABLE
                                   018C 
           SYS_STATE_SLEEP_ENABLE_bit
                                   018C 
    -------------------------------------------------------------------------
CODE
  Segment part 13. NOT NEEDED.
           ENTRY                   ADDRESS         REF BY
           =====                   =======         ======
           HalSysInit              
               calls direct
    -------------------------------------------------------------------------
CODE
  Segment part 14. NOT NEEDED.
           ENTRY                   ADDRESS         REF BY
           =====                   =======         ======
           HalSysSoftwareReset     
    -------------------------------------------------------------------------
CODE
  Segment part 15. NOT NEEDED.
           ENTRY                   ADDRESS         REF BY
           =====                   =======         ======
           HalSysGotoSleep         
               calls direct
    -------------------------------------------------------------------------
CODE
  Segment part 12. NOT NEEDED.
           LOCAL                   ADDRESS         
           =====                   =======         
           WdogInit                
               calls direct
    -------------------------------------------------------------------------
CODE
  Segment part 11. NOT NEEDED.
           ENTRY                   ADDRESS         REF BY
           =====                   =======         ======
           HalWdogService          
    -------------------------------------------------------------------------
CSTACK
  Segment part 10. NOT NEEDED.
    -------------------------------------------------------------------------
CODE
  Segment part 16. TENTATIVE. Used definition from CommonInterruptHandler
           ENTRY                   ADDRESS         REF BY
           =====                   =======         ======
           ?setjmp_save_r4         
    -------------------------------------------------------------------------
CODE
  Segment part 17. TENTATIVE. Used definition from CommonInterruptHandler
           ENTRY                   ADDRESS         REF BY
           =====                   =======         ======
           ?setjmp_save_r5         

    *************************************************************************

  FILE NAME : D:\COASIA_PROJECT\SampleCode_GPIO\Debug\Obj\HalTimer.r43
  PROGRAM MODULE, NAME : HalTimer

  SEGMENTS IN THE MODULE
  ======================
DATA16_AN
  Relative segment, address: 007C - 007D (0x2 bytes), align: 0
  Segment part 1. ROOT        Intra module refs:   HalTimerInterruptHandler
           ENTRY                   ADDRESS         REF BY
           =====                   =======         ======
           _A_VIC_IRQ_VMAX         007C 
           LOCAL                   ADDRESS         
           =====                   =======         
           VIC_IRQ_VMAX            007C 
           VIC_IRQ_VMAX_bit        007C 
    -------------------------------------------------------------------------
DATA16_AN
  Relative segment, address: 00C0 - 00C1 (0x2 bytes), align: 0
  Segment part 2. ROOT        Intra module refs:   HalTimerInit
           ENTRY                   ADDRESS         REF BY
           =====                   =======         ======
           _A_SWTIMER_CONFIG       00C0 
           LOCAL                   ADDRESS         
           =====                   =======         
           SWTIMER_CONFIG          00C0 
           SWTIMER_CONFIG_bit      00C0 
    -------------------------------------------------------------------------
DATA16_AN
  Relative segment, address: 00C2 - 00C3 (0x2 bytes), align: 0
  Segment part 3. ROOT        Intra module refs:   HalTimerInit
           ENTRY                   ADDRESS         REF BY
           =====                   =======         ======
           _A_SWTIMER_COMMAND      00C2 
           LOCAL                   ADDRESS         
           =====                   =======         
           SWTIMER_COMMAND         00C2 
           SWTIMER_COMMAND_bit     00C2 
    -------------------------------------------------------------------------
DATA16_AN
  Relative segment, address: 00C4 - 00C5 (0x2 bytes), align: 0
  Segment part 4. ROOT        Intra module refs:   HalTimerInit
           ENTRY                   ADDRESS         REF BY
           =====                   =======         ======
           _A_SWTIMER_CNT0_RELOAD
                                   00C4 
           LOCAL                   ADDRESS         
           =====                   =======         
           SWTIMER_CNT0_RELOAD     00C4 
           SWTIMER_CNT0_RELOAD_bit
                                   00C4 
    -------------------------------------------------------------------------
DATA16_AN
  Relative segment, address: 00C8 - 00C9 (0x2 bytes), align: 0
  Segment part 5. ROOT        Intra module refs:   HalTimerInit
           ENTRY                   ADDRESS         REF BY
           =====                   =======         ======
           _A_SWTIMER_DIV0_RELOAD
                                   00C8 
           LOCAL                   ADDRESS         
           =====                   =======         
           SWTIMER_DIV0_RELOAD     00C8 
           SWTIMER_DIV0_RELOAD_bit
                                   00C8 
    -------------------------------------------------------------------------
DATA16_AN
  Relative segment, address: 00F0 - 00F1 (0x2 bytes), align: 0
  Segment part 6. ROOT        Intra module refs:   HalTimerCnt0IrqHandler
           ENTRY                   ADDRESS         REF BY
           =====                   =======         ======
           _A_SWTIMER_IRQ_STATUS   00F0 
           LOCAL                   ADDRESS         
           =====                   =======         
           SWTIMER_IRQ_STATUS      00F0 
           SWTIMER_IRQ_STATUS_bit
                                   00F0 
    -------------------------------------------------------------------------
DATA16_AN
  Relative segment, address: 00F8 - 00F9 (0x2 bytes), align: 0
  Segment part 7. ROOT        Intra module refs:   HalTimerInitInterrupt
           ENTRY                   ADDRESS         REF BY
           =====                   =======         ======
           _A_SWTIMER_IRQ_VENABLE
                                   00F8 
           LOCAL                   ADDRESS         
           =====                   =======         
           SWTIMER_IRQ_VENABLE     00F8 
           SWTIMER_IRQ_VENABLE_bit
                                   00F8 
    -------------------------------------------------------------------------
DATA16_AN
  Relative segment, address: 00FA - 00FB (0x2 bytes), align: 0
  Segment part 8. ROOT        Intra module refs:   HalTimerInterruptHandler
           ENTRY                   ADDRESS         REF BY
           =====                   =======         ======
           _A_SWTIMER_IRQ_VDISABLE
                                   00FA 
           LOCAL                   ADDRESS         
           =====                   =======         
           SWTIMER_IRQ_VDISABLE    00FA 
           SWTIMER_IRQ_VDISABLE_bit
                                   00FA 
    -------------------------------------------------------------------------
DATA16_AN
  Relative segment, address: 00FC - 00FD (0x2 bytes), align: 0
  Segment part 9. ROOT        Intra module refs:   HalTimerInterruptHandler
           ENTRY                   ADDRESS         REF BY
           =====                   =======         ======
           _A_SWTIMER_IRQ_VMAX     00FC 
           LOCAL                   ADDRESS         
           =====                   =======         
           SWTIMER_IRQ_VMAX        00FC 
           SWTIMER_IRQ_VMAX_bit    00FC 
    -------------------------------------------------------------------------
DATA16_AN
  Relative segment, address: 00FE - 00FF (0x2 bytes), align: 0
  Segment part 10. ROOT       Intra module refs:   HalTimerInterruptHandler
           ENTRY                   ADDRESS         REF BY
           =====                   =======         ======
           _A_SWTIMER_IRQ_VNO      00FE 
           LOCAL                   ADDRESS         
           =====                   =======         
           SWTIMER_IRQ_VNO         00FE 
           SWTIMER_IRQ_VNO_bit     00FE 
    -------------------------------------------------------------------------
DATA16_Z
  Relative segment, address: 0826 - 0835 (0x10 bytes), align: 1
  Segment part 12.            Intra module refs:   HalTimerCnt0IrqHandler
                                                   HalTimerGetFlagTask
                                                   HalTimerInit
                                                   HalTimerInitInterrupt
                                                   HalTimerInterruptHandler
           LOCAL                   ADDRESS         
           =====                   =======         
           timer                   0826 
    -------------------------------------------------------------------------
CODE
  Relative segment, address: 80DE - 810B (0x2e bytes), align: 1
  Segment part 14.
           ENTRY                   ADDRESS         REF BY
           =====                   =======         ======
           HalTimerInit            80DE            main (main)
               calls direct
    -------------------------------------------------------------------------
CODE
  Segment part 15. NOT NEEDED.
           ENTRY                   ADDRESS         REF BY
           =====                   =======         ======
           HalTimerGetCounter1ms   
    -------------------------------------------------------------------------
CODE
  Relative segment, address: 810C - 8119 (0xe bytes), align: 1
  Segment part 16.
           ENTRY                   ADDRESS         REF BY
           =====                   =======         ======
           HalTimerGetFlagTask     810C            main (main)
    -------------------------------------------------------------------------
CODE
  Relative segment, address: 811A - 8159 (0x40 bytes), align: 1
  Segment part 13.            Intra module refs:   HalTimerInit
           LOCAL                   ADDRESS         
           =====                   =======         
           HalTimerInitInterrupt   811A 
               calls indirect
    -------------------------------------------------------------------------
CODE
  Relative segment, address: 815A - 8177 (0x1e bytes), align: 1
  Segment part 17.            Intra module refs:   HalTimerInitInterrupt
           LOCAL                   ADDRESS         
           =====                   =======         
           HalTimerCnt0IrqHandler
                                   815A 
    -------------------------------------------------------------------------
CODE
  Relative segment, address: 8178 - 81E5 (0x6e bytes), align: 1
  Segment part 18.            Intra module refs:   HalTimerInitInterrupt
           LOCAL                   ADDRESS         
           =====                   =======         
           HalTimerInterruptHandler
                                   8178 
               interrupt function
               calls indirect
    -------------------------------------------------------------------------
CSTACK
  Segment part 11. NOT NEEDED.
    -------------------------------------------------------------------------
CODE
  Segment part 19. TENTATIVE. Used definition from CommonInterruptHandler
           ENTRY                   ADDRESS         REF BY
           =====                   =======         ======
           ?setjmp_save_r4         
    -------------------------------------------------------------------------
CODE
  Segment part 20. TENTATIVE. Used definition from CommonInterruptHandler
           ENTRY                   ADDRESS         REF BY
           =====                   =======         ======
           ?setjmp_save_r5         

    *************************************************************************

  FILE NAME : D:\COASIA_PROJECT\SampleCode_GPIO\Debug\Obj\main.r43
  PROGRAM MODULE, NAME : main

  SEGMENTS IN THE MODULE
  ======================
DATA16_AN
  Segment part 1. TENTATIVE. Used definition from HalSys
           ENTRY                   ADDRESS         REF BY
           =====                   =======         ======
           _A_SYS_STATE_CONTROL    
           LOCAL                   ADDRESS         
           =====                   =======         
           SYS_STATE_CONTROL       0182 
           SYS_STATE_CONTROL_bit   0182 
    -------------------------------------------------------------------------
DATA16_Z
  Relative segment, address: 0836 - 0837 (0x2 bytes), align: 1
  Segment part 3.             Intra module refs:   main
           ENTRY                   ADDRESS         REF BY
           =====                   =======         ======
           vic_IfFuns              0836            HalTimerInitInterrupt (HalTimer)
    -------------------------------------------------------------------------
CODE
  Relative segment, address: 81E6 - 8231 (0x4c bytes), align: 1
  Segment part 4.
           ENTRY                   ADDRESS         REF BY
           =====                   =======         ======
           main                    81E6            Segment part 19 (?cstart)
               calls direct and indirect
    -------------------------------------------------------------------------
CSTACK
  Segment part 2. NOT NEEDED.
    -------------------------------------------------------------------------
CODE
  Segment part 5. TENTATIVE. Used definition from CommonInterruptHandler
           ENTRY                   ADDRESS         REF BY
           =====                   =======         ======
           ?setjmp_save_r4         
    -------------------------------------------------------------------------
CODE
  Segment part 6. TENTATIVE. Used definition from CommonInterruptHandler
           ENTRY                   ADDRESS         REF BY
           =====                   =======         ======
           ?setjmp_save_r5         

    *************************************************************************

  FILE NAME : D:\COASIA_PROJECT\SampleCode_GPIO\Debug\Obj\rom_API.r43
  PROGRAM MODULE, NAME : rom_API

  SEGMENTS IN THE MODULE
  ======================
DATA16_C
  Relative segment, address: 8036 - 8037 (0x2 bytes), align: 1
  Segment part 2.
           ENTRY                   ADDRESS         REF BY
           =====                   =======         ======
           romIf_MainInterface     8036            main (main)
    -------------------------------------------------------------------------
CODE
  Segment part 3. NOT NEEDED.
           ENTRY                   ADDRESS         REF BY
           =====                   =======         ======
           romIf_Interface_Get     
               calls direct and indirect
    -------------------------------------------------------------------------
CSTACK
  Segment part 1. NOT NEEDED.
    -------------------------------------------------------------------------
CODE
  Segment part 4. TENTATIVE. Used definition from CommonInterruptHandler
           ENTRY                   ADDRESS         REF BY
           =====                   =======         ======
           ?setjmp_save_r4         
    -------------------------------------------------------------------------
CODE
  Segment part 5. TENTATIVE. Used definition from CommonInterruptHandler
           ENTRY                   ADDRESS         REF BY
           =====                   =======         ======
           ?setjmp_save_r5         

    *************************************************************************

  FILE NAME : C:\Program Files (x86)\IAR Systems\Embedded Workbench 8.5\430\lib\dlib\dl430fn.r43
  LIBRARY MODULE, NAME : ?abort

  SEGMENTS IN THE MODULE
  ======================
CODE
  Segment part 2. NOT NEEDED.
           ENTRY                   ADDRESS         REF BY
           =====                   =======         ======
           abort                   
               calls direct
    -------------------------------------------------------------------------
CSTACK
  Segment part 1. NOT NEEDED.

    -------------------------------------------------------------------------
  LIBRARY MODULE, NAME : ?__dbg_break

  SEGMENTS IN THE MODULE
  ======================
CODE
  Relative segment, address: 8232 - 8233 (0x2 bytes), align: 1
  Segment part 2.
           ENTRY                   ADDRESS         REF BY
           =====                   =======         ======
           __DebugBreak            8232            __exit (?__exit)
    -------------------------------------------------------------------------
CSTACK
  Segment part 1. NOT NEEDED.

    -------------------------------------------------------------------------
  LIBRARY MODULE, NAME : ?__dwrite

  SEGMENTS IN THE MODULE
  ======================
CODE
  Segment part 2. NOT NEEDED.
           ENTRY                   ADDRESS         REF BY
           =====                   =======         ======
           __dwrite                
               calls direct
    -------------------------------------------------------------------------
CSTACK
  Segment part 1. NOT NEEDED.

    -------------------------------------------------------------------------
  LIBRARY MODULE, NAME : ?__exit

  SEGMENTS IN THE MODULE
  ======================
CODE
  Relative segment, address: 8234 - 8245 (0x12 bytes), align: 1
  Segment part 2.
           ENTRY                   ADDRESS         REF BY
           =====                   =======         ======
           __exit                  8234            Segment part 6 (?_exit)
                                                   _exit (?_exit)
               calls direct
    -------------------------------------------------------------------------
CSTACK
  Segment part 1. NOT NEEDED.

    -------------------------------------------------------------------------
  LIBRARY MODULE, NAME : ?__write

  SEGMENTS IN THE MODULE
  ======================
CODE
  Segment part 2. NOT NEEDED.
           ENTRY                   ADDRESS         REF BY
           =====                   =======         ======
           __write                 
               calls direct
    -------------------------------------------------------------------------
CSTACK
  Segment part 1. NOT NEEDED.

    -------------------------------------------------------------------------
  LIBRARY MODULE, NAME : ?_exit

  SEGMENTS IN THE MODULE
  ======================
CODE
  Relative segment, address: 8246, align: 1
  Segment part 0.
           ENTRY                   ADDRESS         REF BY
           =====                   =======         ======
           _exit                   8246            exit (?exit)
    -------------------------------------------------------------------------
CODE
  Segment part 1. NOT NEEDED.
    -------------------------------------------------------------------------
CODE
  Segment part 2. NOT NEEDED.
           ENTRY                   ADDRESS         REF BY
           =====                   =======         ======
           __cstart_call_dtors     
    -------------------------------------------------------------------------
CODE
  Segment part 3. NOT NEEDED.
           ENTRY                   ADDRESS         REF BY
           =====                   =======         ======
           __cstart_closeall       
    -------------------------------------------------------------------------
CODE
  Segment part 4. NOT NEEDED.
           ENTRY                   ADDRESS         REF BY
           =====                   =======         ======
           __cstart_clearlocks     
    -------------------------------------------------------------------------
CODE
  Segment part 5. NOT NEEDED.
    -------------------------------------------------------------------------
CODE
  Relative segment, address: 8246 - 8249 (0x4 bytes), align: 1
  Segment part 6.             Intra module refs:   _exit

    -------------------------------------------------------------------------
  LIBRARY MODULE, NAME : ?cppinit

  SEGMENTS IN THE MODULE
  ======================
CODE
  Segment part 3. NOT NEEDED.
           ENTRY                   ADDRESS         REF BY
           =====                   =======         ======
           __call_ctors            
               calls direct and indirect
    -------------------------------------------------------------------------
CODE
  Segment part 5. NOT NEEDED.
           ENTRY                   ADDRESS         REF BY
           =====                   =======         ======
           __alloc_record_needed_destruction
                                   
               calls direct
    -------------------------------------------------------------------------
DATA16_Z
  Segment part 2. NOT NEEDED.
    -------------------------------------------------------------------------
CODE
  Segment part 4. NOT NEEDED.
           ENTRY                   ADDRESS         REF BY
           =====                   =======         ======
           __record_needed_destruction
                                   
               calls direct
    -------------------------------------------------------------------------
CODE
  Segment part 6. NOT NEEDED.
           ENTRY                   ADDRESS         REF BY
           =====                   =======         ======
           __call_dtors            
               calls indirect
    -------------------------------------------------------------------------
CODE
  Segment part 7. NOT NEEDED.
           ENTRY                   ADDRESS         REF BY
           =====                   =======         ======
           __data16_vec_cctor      
               calls direct and indirect
    -------------------------------------------------------------------------
CSTACK
  Segment part 1. NOT NEEDED.

    -------------------------------------------------------------------------
  LIBRARY MODULE, NAME : ?cstart

  SEGMENTS IN THE MODULE
  ======================
HEAP
  Segment part 0. NOT NEEDED.
    -------------------------------------------------------------------------
CSTACK
  Relative segment, address: 0F00, align: 1
  Segment part 1.
    -------------------------------------------------------------------------
DATA16_Z
  Relative segment, address: 0838, align: 1
  Segment part 2.
    -------------------------------------------------------------------------
DATA16_I
  Segment part 3. NOT NEEDED.
    -------------------------------------------------------------------------
DATA16_ID
  Segment part 4. NOT NEEDED.
    -------------------------------------------------------------------------
CODE_I
  Segment part 5. NOT NEEDED.
    -------------------------------------------------------------------------
CODE_ID
  Segment part 6. NOT NEEDED.
    -------------------------------------------------------------------------
TLS16_I
  Segment part 7. NOT NEEDED.
    -------------------------------------------------------------------------
TLS16_ID
  Segment part 8. NOT NEEDED.
    -------------------------------------------------------------------------
CSTART
  Relative segment, address: 8038 - 803B (0x4 bytes), align: 1
  Segment part 9.
           ENTRY                   ADDRESS         REF BY
           =====                   =======         ======
           __program_start         8038            ?reset_vector (?reset_vector)
                                                   Absolute parts (?ABS_ENTRY_MOD)
           ?cstart_begin           8038 
    -------------------------------------------------------------------------
CSTART
  Segment part 10. NOT NEEDED.
           ENTRY                   ADDRESS         REF BY
           =====                   =======         ======
           ?cstart_call_mpu_init   
    -------------------------------------------------------------------------
CSTART
  Segment part 11. NOT NEEDED.
           ENTRY                   ADDRESS         REF BY
           =====                   =======         ======
           ?cstart_call_frwp_init
                                   
    -------------------------------------------------------------------------
CSTART
  Segment part 12. NOT NEEDED.
           ENTRY                   ADDRESS         REF BY
           =====                   =======         ======
           ?cstart_call_low_level_init
                                   
    -------------------------------------------------------------------------
CSTART
  Segment part 13. NOT NEEDED.
           ENTRY                   ADDRESS         REF BY
           =====                   =======         ======
           ?cstart_init_copy_ramfunc
                                   
    -------------------------------------------------------------------------
CSTART
  Relative segment, address: 803C - 8047 (0xc bytes), align: 1
  Segment part 14.
           ENTRY                   ADDRESS         REF BY
           =====                   =======         ======
           ?cstart_init_zero       803C            GpioInputTest::index (HalGpio)
                                                   loc_VicEnvironmentData (CommonInterruptHandler)
                                                   timer (HalTimer)
                                                   vic_IfFuns (main)
    -------------------------------------------------------------------------
CSTART
  Segment part 15. NOT NEEDED.
           ENTRY                   ADDRESS         REF BY
           =====                   =======         ======
           ?cstart_init_copy       
    -------------------------------------------------------------------------
CSTART
  Segment part 16. NOT NEEDED.
           ENTRY                   ADDRESS         REF BY
           =====                   =======         ======
           __cstart_init_tls       
    -------------------------------------------------------------------------
DIFUNCT
  Segment part 17. NOT NEEDED.
    -------------------------------------------------------------------------
CSTART
  Segment part 18. NOT NEEDED.
           ENTRY                   ADDRESS         REF BY
           =====                   =======         ======
           ?cstart_call_ctors      
    -------------------------------------------------------------------------
CSTART
  Relative segment, address: 8048 - 804F (0x8 bytes), align: 1
  Segment part 19.            Intra module refs:   Segment part 9
           ENTRY                   ADDRESS         REF BY
           =====                   =======         ======
           ?cstart_call_main       8048 
           ?cstart_end             8050 
    -------------------------------------------------------------------------
CODE_ID
  Segment part 20. NOT NEEDED.

    -------------------------------------------------------------------------
  LIBRARY MODULE, NAME : lowinit

  SEGMENTS IN THE MODULE
  ======================
CODE
  Segment part 0. NOT NEEDED.
           ENTRY                   ADDRESS         REF BY
           =====                   =======         ======
           __low_level_init        

    -------------------------------------------------------------------------
  LIBRARY MODULE, NAME : ?reset_vector

  SEGMENTS IN THE MODULE
  ======================
RESET
  Relative segment, address: FFFE - FFFF (0x2 bytes), align: 1
  Segment part 0.
           ENTRY                   ADDRESS         REF BY
           =====                   =======         ======
           ?reset_vector           FFFE            Segment part 9 (?cstart)

    -------------------------------------------------------------------------
  LIBRARY MODULE, NAME : ?Epilogue

  SEGMENTS IN THE MODULE
  ======================
CODE
  Segment part 0. NOT NEEDED.
           ENTRY                   ADDRESS         REF BY
           =====                   =======         ======
           ?Epilogue8              
    -------------------------------------------------------------------------
CODE
  Segment part 1. NOT NEEDED.
           ENTRY                   ADDRESS         REF BY
           =====                   =======         ======
           ?Epilogue7              
    -------------------------------------------------------------------------
CODE
  Segment part 2. NOT NEEDED.
           ENTRY                   ADDRESS         REF BY
           =====                   =======         ======
           ?Epilogue6              
    -------------------------------------------------------------------------
CODE
  Segment part 3. NOT NEEDED.
           ENTRY                   ADDRESS         REF BY
           =====                   =======         ======
           ?Epilogue5              
    -------------------------------------------------------------------------
CODE
  Segment part 4. NOT NEEDED.
           ENTRY                   ADDRESS         REF BY
           =====                   =======         ======
           ?Epilogue4              
    -------------------------------------------------------------------------
CODE
  Segment part 5. NOT NEEDED.
           ENTRY                   ADDRESS         REF BY
           =====                   =======         ======
           ?Epilogue3              

    -------------------------------------------------------------------------
  LIBRARY MODULE, NAME : ?exit

  SEGMENTS IN THE MODULE
  ======================
CODE
  Relative segment, address: 824A - 824D (0x4 bytes), align: 1
  Segment part 2.
           ENTRY                   ADDRESS         REF BY
           =====                   =======         ======
           exit                    824A            Segment part 19 (?cstart)
               calls direct
    -------------------------------------------------------------------------
CSTACK
  Segment part 1. NOT NEEDED.

    -------------------------------------------------------------------------
  LIBRARY MODULE, NAME : ?FrwpInit

  SEGMENTS IN THE MODULE
  ======================
FRWP_B1
  Segment part 0. NOT NEEDED.
    -------------------------------------------------------------------------
FRWP_B2
  Segment part 1. NOT NEEDED.
    -------------------------------------------------------------------------
CODE
  Segment part 2. NOT NEEDED.
           ENTRY                   ADDRESS         REF BY
           =====                   =======         ======
           __iar_430_frwp_init     
    -------------------------------------------------------------------------
FRWP_B1
  Segment part 3. NOT NEEDED.
    -------------------------------------------------------------------------
FRWP_B2
  Segment part 4. NOT NEEDED.

    -------------------------------------------------------------------------
  LIBRARY MODULE, NAME : ?malloc

  SEGMENTS IN THE MODULE
  ======================
CODE
  Segment part 2. NOT NEEDED.
           ENTRY                   ADDRESS         REF BY
           =====                   =======         ======
           malloc                  
               calls direct
    -------------------------------------------------------------------------
CSTACK
  Segment part 1. NOT NEEDED.

    -------------------------------------------------------------------------
  LIBRARY MODULE, NAME : ?memcpy

  SEGMENTS IN THE MODULE
  ======================
CODE
  Segment part 2. NOT NEEDED.
           ENTRY                   ADDRESS         REF BY
           =====                   =======         ======
           memcpy                  
    -------------------------------------------------------------------------
CSTACK
  Segment part 1. NOT NEEDED.

    -------------------------------------------------------------------------
  LIBRARY MODULE, NAME : ?memmove

  SEGMENTS IN THE MODULE
  ======================
CODE
  Segment part 2. NOT NEEDED.
           ENTRY                   ADDRESS         REF BY
           =====                   =======         ======
           memmove                 
    -------------------------------------------------------------------------
CSTACK
  Segment part 1. NOT NEEDED.

    -------------------------------------------------------------------------
  LIBRARY MODULE, NAME : ?memzero

  SEGMENTS IN THE MODULE
  ======================
CODE
  Relative segment, address: 824E - 825D (0x10 bytes), align: 1
  Segment part 2.
           ENTRY                   ADDRESS         REF BY
           =====                   =======         ======
           __data16_memzero        824E            ?cstart_init_zero (?cstart)
    -------------------------------------------------------------------------
CODE
  Segment part 3. NOT NEEDED.
           ENTRY                   ADDRESS         REF BY
           =====                   =======         ======
           __data16_memcpy         
               calls direct
    -------------------------------------------------------------------------
CODE
  Segment part 4. NOT NEEDED.
           ENTRY                   ADDRESS         REF BY
           =====                   =======         ======
           __data16_memmove        
               calls direct
    -------------------------------------------------------------------------
CSTACK
  Segment part 1. NOT NEEDED.

    -------------------------------------------------------------------------
  LIBRARY MODULE, NAME : ?MpuInit

  SEGMENTS IN THE MODULE
  ======================
MPU_B1
  Segment part 0. NOT NEEDED.
    -------------------------------------------------------------------------
MPU_B2
  Segment part 1. NOT NEEDED.
    -------------------------------------------------------------------------
CODE
  Segment part 2. NOT NEEDED.
           ENTRY                   ADDRESS         REF BY
           =====                   =======         ======
           __iar_430_mpu_init      
    -------------------------------------------------------------------------
CODE
  Segment part 3. NOT NEEDED.
           ENTRY                   ADDRESS         REF BY
           =====                   =======         ======
           ?mpu1_4k_init           
    -------------------------------------------------------------------------
CODE
  Segment part 4. NOT NEEDED.
           ENTRY                   ADDRESS         REF BY
           =====                   =======         ======
           ?mpu1_8k_init           
    -------------------------------------------------------------------------
CODE
  Segment part 5. NOT NEEDED.
           ENTRY                   ADDRESS         REF BY
           =====                   =======         ======
           ?mpu1_16k_init          
    -------------------------------------------------------------------------
CODE
  Segment part 6. NOT NEEDED.
           ENTRY                   ADDRESS         REF BY
           =====                   =======         ======
           ?mpu2_init              
    -------------------------------------------------------------------------
MPU_B1
  Segment part 7. NOT NEEDED.
    -------------------------------------------------------------------------
MPU_B2
  Segment part 8. NOT NEEDED.
    -------------------------------------------------------------------------
MPU_B1
  Segment part 9. NOT NEEDED.
    -------------------------------------------------------------------------
MPU_B2
  Segment part 10. NOT NEEDED.
    -------------------------------------------------------------------------
MPU_B1
  Segment part 11. NOT NEEDED.
    -------------------------------------------------------------------------
MPU_B2
  Segment part 12. NOT NEEDED.
    -------------------------------------------------------------------------
MPU_B1
  Segment part 13. NOT NEEDED.
    -------------------------------------------------------------------------
MPU_B2
  Segment part 14. NOT NEEDED.
    -------------------------------------------------------------------------
CODE_PAD
  Segment part 15. NOT NEEDED.

    -------------------------------------------------------------------------
  LIBRARY MODULE, NAME : ?setjmp

  SEGMENTS IN THE MODULE
  ======================
CODE
  Segment part 0. NOT NEEDED.
           ENTRY                   ADDRESS         REF BY
           =====                   =======         ======
           setjmp                  
    -------------------------------------------------------------------------
CODE
  Segment part 1. NOT NEEDED.
           ENTRY                   ADDRESS         REF BY
           =====                   =======         ======
           ?setjmp_r5              
    -------------------------------------------------------------------------
CODE
  Segment part 2. NOT NEEDED.
           ENTRY                   ADDRESS         REF BY
           =====                   =======         ======
           ?setjmp_r4              
    -------------------------------------------------------------------------
CODE
  Segment part 3. NOT NEEDED.
           ENTRY                   ADDRESS         REF BY
           =====                   =======         ======
           ?setjmp_end             

    -------------------------------------------------------------------------
  LIBRARY MODULE, NAME : ?longjmp

  SEGMENTS IN THE MODULE
  ======================
CODE
  Segment part 0. NOT NEEDED.
           ENTRY                   ADDRESS         REF BY
           =====                   =======         ======
           longjmp                 
    -------------------------------------------------------------------------
CODE
  Segment part 1. NOT NEEDED.
           ENTRY                   ADDRESS         REF BY
           =====                   =======         ======
           ?longjmp_r5             
    -------------------------------------------------------------------------
CODE
  Segment part 2. NOT NEEDED.
           ENTRY                   ADDRESS         REF BY
           =====                   =======         ======
           ?longjmp_r4             
    -------------------------------------------------------------------------
CODE
  Segment part 3. NOT NEEDED.
           ENTRY                   ADDRESS         REF BY
           =====                   =======         ======
           ?longjmp_end            

    -------------------------------------------------------------------------
  LIBRARY MODULE, NAME : ?xcloseall

  SEGMENTS IN THE MODULE
  ======================
CODE
  Segment part 2. NOT NEEDED.
           ENTRY                   ADDRESS         REF BY
           =====                   =======         ======
           _Close_all              
               calls direct
    -------------------------------------------------------------------------
CSTACK
  Segment part 1. NOT NEEDED.

    -------------------------------------------------------------------------
  LIBRARY MODULE, NAME : ?xgetmemchunk

  SEGMENTS IN THE MODULE
  ======================
CODE
  Segment part 3. NOT NEEDED.
           ENTRY                   ADDRESS         REF BY
           =====                   =======         ======
           __data16_GetMemChunk    
    -------------------------------------------------------------------------
DATA16_Z
  Segment part 2. NOT NEEDED.
    -------------------------------------------------------------------------
CSTACK
  Segment part 1. NOT NEEDED.
    -------------------------------------------------------------------------
DATA16_HEAP
  Segment part 4. NOT NEEDED.

    -------------------------------------------------------------------------
  LIBRARY MODULE, NAME : ?xxmemxfree

  SEGMENTS IN THE MODULE
  ======================
CODE
  Segment part 2. NOT NEEDED.
           ENTRY                   ADDRESS         REF BY
           =====                   =======         ======
           __data16_free           
    -------------------------------------------------------------------------
CSTACK
  Segment part 1. NOT NEEDED.

    -------------------------------------------------------------------------
  LIBRARY MODULE, NAME : ?xxmemxmalloc

  SEGMENTS IN THE MODULE
  ======================
DATA16_Z
  Segment part 2. NOT NEEDED.
           ENTRY                   ADDRESS         REF BY
           =====                   =======         ======
           __data16_Aldata         
    -------------------------------------------------------------------------
CODE
  Segment part 3. NOT NEEDED.
           LOCAL                   ADDRESS         
           =====                   =======         
           __data16_findmem        
               calls direct
    -------------------------------------------------------------------------
CODE
  Segment part 4. NOT NEEDED.
           ENTRY                   ADDRESS         REF BY
           =====                   =======         ======
           __data16_malloc         
               calls direct
    -------------------------------------------------------------------------
CSTACK
  Segment part 1. NOT NEEDED.




                ****************************************
                *                                      *
                *            MODULE SUMMARY            *
                *                                      *
                ****************************************

Module                   CODE      DATA      CONST
------                   ----      ----      -----
                        (Rel)  (Rel)  (Abs)  (Rel)
?__dbg_break                2
?__exit                    18
?_exit                      4
?cstart                    24
?exit                       4
?memzero                   16
?reset_vector               2
CommonInterruptHandler     46     36
HalGpio                    80      2     12
  + shared                                2
HalSys                                   14
  + shared                                2
HalTimer                  264     16     20
el_helper_H430_IAR         16
main                       76      2
rom_API                                          2
N/A (command line)               256
N/A (alignment)
------                    ---    ---     --      -
Total:                    552    312     50      2


                ****************************************
                *                                      *
                *      SEGMENTS IN ADDRESS ORDER       *
                *                                      *
                ****************************************


SEGMENT              SPACE    START ADDRESS   END ADDRESS     SIZE  TYPE  ALIGN
=======              =====    =============   ===========     ====  ====  =====
DATA16_AN                              007C - 007D               2   rel    0
                                       0080 - 0087               8 
                                       00C0 - 00C5               6 
                                       00C8 - 00C9               2 
                                       00F0 - 00F1               2 
                                       00F8 - 00FF               8 
                                       0180 - 0183               4 
                                       0188 - 018D               6 
                                       0200 - 0209               A 
                                       0340 - 0341               2 
DATA16_I                                  0800                       dse    0
DATA16_Z                               0800 - 0837              38   rel    1
CSTACK                                 0F00 - 0FFF             100   rel    1
DATA16_C                               8036 - 8037               2   rel    1
CSTART                                 8038 - 804F              18   rel    1
ISR_CODE                                  8050                       dse    0
CODE_ID                                   8050                       dse    0
CODE                                   8050 - 825D             20E   rel    1
RESET                                  FFFE - FFFF               2   rel    1

                ****************************************
                *                                      *
                *        END OF CROSS REFERENCE        *
                *                                      *
                ****************************************

 552 bytes of CODE  memory
 312 bytes of DATA  memory (+ 50 absolute )
   2 bytes of CONST memory

Errors: none
Warnings: none

